INFO 2025-05-24 09:24:50,315 model_utils 82378 140294470370880 모델 로드 완료: HIV_Risk_Predictor_Gradient_Boosting
WARNING 2025-05-24 09:24:50,316 he_utils 82378 140294470370880 Non-linear model detected. Using approximated coefficients for HE.
INFO 2025-05-24 09:24:50,316 he_utils 82378 140294470370880 Model loaded successfully:
INFO 2025-05-24 09:24:50,316 he_utils 82378 140294470370880   - Type: Gradient_Boosting
INFO 2025-05-24 09:24:50,316 he_utils 82378 140294470370880   - Features: 18
INFO 2025-05-24 09:24:50,316 he_utils 82378 140294470370880   - AUC: 0.9904
INFO 2025-05-24 09:24:50,316 he_utils 82378 140294470370880 HE Health Analyzer initialized successfully
INFO 2025-05-24 09:24:50,316 views 82378 140294470370880 Health analyzer initialized successfully
INFO 2025-05-24 09:24:50,316 he_utils 82378 140294470370880 Starting health risk analysis (HE: True)...
INFO 2025-05-24 09:24:50,316 he_utils 82378 140294470370880 Preprocessed 18 features
INFO 2025-05-24 09:24:50,322 he_utils 82378 140294470370880 User data encrypted successfully
INFO 2025-05-24 09:24:50,339 he_utils 82378 140294470370880 HE risk probability computed successfully
INFO 2025-05-24 09:24:50,341 he_utils 82378 140294470370880 HE result decrypted: 0.4868
INFO 2025-05-24 09:24:50,341 he_utils 82378 140294470370880 Analysis completed: 0.4868 (Homomorphic Encryption)
INFO 2025-05-24 09:24:50,341 views 82378 140294470370880 Analysis completed for user input: {'sex': 1, 'age': 3, 'edu_lvl': 3, 'had_sex': 0, 'n_s_part': 0, 'con_use': 0, 'r_use_con': 0, 'r_sea': 0, 'r_have_1sp': 0, 'r_nhave_sex': 1, 'hiv_mosq': 1, 'h_sti': 0, 'h_o_sti': 0, 'e_t_hiv': 0, 'p_t_hiv': 0, 's_test': 0, 't_in_lab': 0, 'f_t_resu': 0}
INFO 2025-05-24 09:25:37,763 he_utils 82378 140294470370880 Starting health risk analysis (HE: True)...
INFO 2025-05-24 09:25:37,764 he_utils 82378 140294470370880 Preprocessed 18 features
INFO 2025-05-24 09:25:37,769 he_utils 82378 140294470370880 User data encrypted successfully
INFO 2025-05-24 09:25:37,787 he_utils 82378 140294470370880 HE risk probability computed successfully
INFO 2025-05-24 09:25:37,788 he_utils 82378 140294470370880 HE result decrypted: 0.4868
INFO 2025-05-24 09:25:37,788 he_utils 82378 140294470370880 Analysis completed: 0.4868 (Homomorphic Encryption)
INFO 2025-05-24 09:25:37,788 views 82378 140294470370880 Analysis completed for user input: {'sex': 1, 'age': 3, 'edu_lvl': 3, 'had_sex': 0, 'n_s_part': 0, 'con_use': 0, 'r_use_con': 0, 'r_sea': 0, 'r_have_1sp': 0, 'r_nhave_sex': 1, 'hiv_mosq': 1, 'h_sti': 0, 'h_o_sti': 0, 'e_t_hiv': 0, 'p_t_hiv': 0, 's_test': 0, 't_in_lab': 0, 'f_t_resu': 0}
ERROR 2025-05-26 08:42:05,101 he_utils 4585 140080559683136 Failed to initialize HE Health Analyzer: [HEaaN.Stat SDK] Secret key already exists
ERROR 2025-05-26 08:42:05,101 views 4585 140080559683136 Failed to initialize health analyzer: [HEaaN.Stat SDK] Secret key already exists
ERROR 2025-05-26 08:44:32,515 model_utils 7793 140701639407168 모델 로드 실패: No module named 'sklearn.ensemble._gb_losses'
ERROR 2025-05-26 08:44:32,516 he_utils 7793 140701639407168 Failed to load model: No module named 'sklearn.ensemble._gb_losses'
ERROR 2025-05-26 08:44:32,516 he_utils 7793 140701639407168 Failed to initialize HE Health Analyzer: No module named 'sklearn.ensemble._gb_losses'
ERROR 2025-05-26 08:44:32,516 views 7793 140701639407168 Failed to initialize health analyzer: No module named 'sklearn.ensemble._gb_losses'
INFO 2025-05-26 09:17:22,345 model_utils 25236 139855669487168 모델 로드 완료: HIV_Risk_Predictor_Gradient_Boosting
WARNING 2025-05-26 09:17:22,345 he_utils 25236 139855669487168 Non-linear model detected. Using approximated coefficients for HE.
INFO 2025-05-26 09:17:22,346 he_utils 25236 139855669487168 Model loaded successfully:
INFO 2025-05-26 09:17:22,346 he_utils 25236 139855669487168   - Type: Gradient_Boosting
INFO 2025-05-26 09:17:22,346 he_utils 25236 139855669487168   - Features: 18
INFO 2025-05-26 09:17:22,346 he_utils 25236 139855669487168   - AUC: 0.9904
INFO 2025-05-26 09:17:22,346 he_utils 25236 139855669487168 HE Health Analyzer initialized successfully
INFO 2025-05-26 09:17:22,346 views 25236 139855669487168 Health analyzer initialized successfully
ERROR 2025-05-26 09:17:22,346 views 25236 139855669487168 Health check failed: 'ModelLoader' object has no attribute 'get'
INFO 2025-05-26 09:17:37,897 model_utils 26891 139878494893632 모델 로드 완료: HIV_Risk_Predictor_Gradient_Boosting
WARNING 2025-05-26 09:17:37,897 he_utils 26891 139878494893632 Non-linear model detected. Using approximated coefficients for HE.
INFO 2025-05-26 09:17:37,897 he_utils 26891 139878494893632 Model loaded successfully:
INFO 2025-05-26 09:17:37,897 he_utils 26891 139878494893632   - Type: Gradient_Boosting
INFO 2025-05-26 09:17:37,897 he_utils 26891 139878494893632   - Features: 18
INFO 2025-05-26 09:17:37,897 he_utils 26891 139878494893632   - AUC: 0.9904
INFO 2025-05-26 09:17:37,897 he_utils 26891 139878494893632 HE Health Analyzer initialized successfully
INFO 2025-05-26 09:17:37,897 views 26891 139878494893632 Health analyzer initialized successfully
ERROR 2025-05-26 09:17:37,897 views 26891 139878494893632 Health check failed: 'ModelLoader' object has no attribute 'get'
ERROR 2025-05-26 09:17:38,976 views 26891 139878494893632 Health check failed: 'ModelLoader' object has no attribute 'get'
INFO 2025-05-26 09:26:56,507 he_utils 26891 139878494893632 Starting health risk analysis (HE: True)...
INFO 2025-05-26 09:26:56,508 he_utils 26891 139878494893632 Preprocessed 18 features
INFO 2025-05-26 09:26:56,519 he_utils 26891 139878494893632 User data encrypted successfully
INFO 2025-05-26 09:26:56,547 he_utils 26891 139878494893632 HE risk probability computed successfully
INFO 2025-05-26 09:26:56,548 he_utils 26891 139878494893632 HE result decrypted: 0.4965
INFO 2025-05-26 09:26:56,549 he_utils 26891 139878494893632 Analysis completed: 0.4965 (Homomorphic Encryption)
INFO 2025-05-26 09:26:56,549 views 26891 139878494893632 Analysis completed for user input: {'sex': 0, 'age': 3, 'edu_lvl': 2, 'had_sex': 0, 'n_s_part': 6, 'con_use': 0, 'r_use_con': 0, 'r_sea': 1, 'r_have_1sp': 0, 'r_nhave_sex': 0, 'hiv_mosq': 0, 'h_sti': 0, 'h_o_sti': 0, 'e_t_hiv': 0, 'p_t_hiv': 0, 's_test': 0, 't_in_lab': 0, 'f_t_resu': 0}
INFO 2025-05-26 09:28:05,457 he_utils 26891 139878494893632 Starting health risk analysis (HE: True)...
INFO 2025-05-26 09:28:05,457 he_utils 26891 139878494893632 Preprocessed 18 features
INFO 2025-05-26 09:28:05,462 he_utils 26891 139878494893632 User data encrypted successfully
INFO 2025-05-26 09:28:05,477 he_utils 26891 139878494893632 HE risk probability computed successfully
INFO 2025-05-26 09:28:05,478 he_utils 26891 139878494893632 HE result decrypted: 0.4965
INFO 2025-05-26 09:28:05,478 he_utils 26891 139878494893632 Analysis completed: 0.4965 (Homomorphic Encryption)
INFO 2025-05-26 09:28:05,478 views 26891 139878494893632 Analysis completed for user input: {'sex': 0, 'age': 5, 'edu_lvl': 0, 'had_sex': 1, 'n_s_part': 13, 'con_use': 0, 'r_use_con': 0, 'r_sea': 1, 'r_have_1sp': 0, 'r_nhave_sex': 0, 'hiv_mosq': 0, 'h_sti': 0, 'h_o_sti': 0, 'e_t_hiv': 0, 'p_t_hiv': 0, 's_test': 0, 't_in_lab': 0, 'f_t_resu': 0}
INFO 2025-05-26 10:04:37,447 model_utils 51799 139645492917824 모델 로드 완료: HIV_Risk_Predictor_Logistic_Regression
INFO 2025-05-26 10:04:37,447 he_utils 51799 139645492917824 Model loaded successfully:
INFO 2025-05-26 10:04:37,447 he_utils 51799 139645492917824   - Type: Logistic_Regression
INFO 2025-05-26 10:04:37,447 he_utils 51799 139645492917824   - Features: 18
INFO 2025-05-26 10:04:37,447 he_utils 51799 139645492917824   - AUC: 0.8307
INFO 2025-05-26 10:04:37,447 he_utils 51799 139645492917824 HE Health Analyzer initialized successfully
INFO 2025-05-26 10:04:37,447 views 51799 139645492917824 Health analyzer initialized successfully
INFO 2025-05-26 10:04:37,447 he_utils 51799 139645492917824 Starting health risk analysis (HE: True)...
INFO 2025-05-26 10:04:37,448 he_utils 51799 139645492917824 Preprocessed 18 features
INFO 2025-05-26 10:04:37,454 he_utils 51799 139645492917824 User data encrypted successfully
INFO 2025-05-26 10:04:37,476 he_utils 51799 139645492917824 HE risk probability computed successfully
INFO 2025-05-26 10:04:37,478 he_utils 51799 139645492917824 HE result decrypted: 0.4708
INFO 2025-05-26 10:04:37,478 he_utils 51799 139645492917824 Analysis completed: 0.4708 (Homomorphic Encryption)
INFO 2025-05-26 10:04:37,478 views 51799 139645492917824 Analysis completed for user input: {'sex': 0, 'age': 5, 'edu_lvl': 0, 'had_sex': 1, 'n_s_part': 11, 'con_use': 0, 'r_use_con': 0, 'r_sea': 1, 'r_have_1sp': 0, 'r_nhave_sex': 0, 'hiv_mosq': 0, 'h_sti': 0, 'h_o_sti': 0, 'e_t_hiv': 0, 'p_t_hiv': 0, 's_test': 1, 't_in_lab': 0, 'h_aids': 0}
INFO 2025-05-26 11:53:03,612 model_utils 87435 140582083339840 Model loaded: HIV_Risk_Predictor_Logistic_Regression
INFO 2025-05-26 11:53:03,612 he_utils 87435 140582083339840 Model loaded successfully:
INFO 2025-05-26 11:53:03,613 he_utils 87435 140582083339840   - Type: Logistic_Regression
INFO 2025-05-26 11:53:03,613 he_utils 87435 140582083339840   - Features: 18
INFO 2025-05-26 11:53:03,613 he_utils 87435 140582083339840   - AUC: 0.8307
INFO 2025-05-26 11:53:03,613 he_utils 87435 140582083339840 HE Health Analyzer initialized successfully
INFO 2025-05-26 11:53:03,613 views 87435 140582083339840 Health analyzer initialized successfully
INFO 2025-05-26 11:53:03,613 he_utils 87435 140582083339840 Starting health risk analysis (HE: True)...
INFO 2025-05-26 11:53:03,614 he_utils 87435 140582083339840 Preprocessed 18 features
INFO 2025-05-26 11:53:03,622 he_utils 87435 140582083339840 User data encrypted successfully
INFO 2025-05-26 11:53:03,649 he_utils 87435 140582083339840 HE risk probability computed successfully
INFO 2025-05-26 11:53:03,651 he_utils 87435 140582083339840 HE result decrypted: 0.4152
INFO 2025-05-26 11:53:03,651 he_utils 87435 140582083339840 Analysis completed: 0.4152 (Homomorphic Encryption)
INFO 2025-05-26 11:53:03,651 views 87435 140582083339840 Analysis completed for user input: {'sex': 1, 'age': 6, 'edu_lvl': 0, 'had_sex': 1, 'n_s_part': 39, 'con_use': 0, 'r_use_con': 0, 'r_sea': 1, 'r_have_1sp': 0, 'r_nhave_sex': 0, 'hiv_mosq': 0, 'h_sti': 0, 'h_o_sti': 0, 'e_t_hiv': 0, 'p_t_hiv': 1, 's_test': 1, 't_in_lab': 1, 'h_aids': 0}
